Traceback (most recent call last):
  File "C:\Users\30542\AppData\Local\Programs\Python\Python313\Lib\shutil.py", line 631, in _rmtree_unsafe
    os.rmdir(path)
    ~~~~~~~~^^^^^^
PermissionError: [WinError 32] \u53e6\u4e00\u4e2a\u7a0b\u5e8f\u6b63\u5728\u4f7f\u7528\u6b64\u6587\u4ef6\uff0c\u8fdb\u7a0b\u65e0\u6cd5\u8bbf\u95ee\u3002: 'C:\\Users\\30542\\AppData\\Local\\Temp\\tracerag-delivery-gi2qsvza'

During handling of the above exception, another exception occurred:

Traceback (most recent call last):
  File "C:\Users\30542\AppData\Local\Programs\Python\Python313\Lib\tempfile.py", line 910, in onexc
    _os.unlink(path)
    ~~~~~~~~~~^^^^^^
PermissionError: [WinError 5] \u62d2\u7edd\u8bbf\u95ee\u3002: 'C:\\Users\\30542\\AppData\\Local\\Temp\\tracerag-delivery-gi2qsvza'

During handling of the above exception, another exception occurred:

Traceback (most recent call last):
  File "D:\TraceRAG\scripts\delivery_smoke.py", line 175, in <module>
    main()
    ~~~~^^
  File "D:\TraceRAG\scripts\delivery_smoke.py", line 169, in main
    report = run(arguments.output_dir.resolve())
  File "D:\TraceRAG\scripts\delivery_smoke.py", line 77, in run
    with tempfile.TemporaryDirectory(prefix="tracerag-delivery-") as work:
         ~~~~~~~~~~~~~~~~~~~~~~~~~~~^^^^^^^^^^^^^^^^^^^^^^^^^^^^^
  File "C:\Users\30542\AppData\Local\Programs\Python\Python313\Lib\tempfile.py", line 951, in __exit__
    self.cleanup()
    ~~~~~~~~~~~~^^
  File "C:\Users\30542\AppData\Local\Programs\Python\Python313\Lib\tempfile.py", line 955, in cleanup
    self._rmtree(self.name, ignore_errors=self._ignore_cleanup_errors)
    ~~~~~~~~~~~~^^^^^^^^^^^^^^^^^^^^^^^^^^^^^^^^^^^^^^^^^^^^^^^^^^^^^^
  File "C:\Users\30542\AppData\Local\Programs\Python\Python313\Lib\tempfile.py", line 935, in _rmtree
    _shutil.rmtree(name, onexc=onexc)
    ~~~~~~~~~~~~~~^^^^^^^^^^^^^^^^^^^
  File "C:\Users\30542\AppData\Local\Programs\Python\Python313\Lib\shutil.py", line 790, in rmtree
    return _rmtree_unsafe(path, onexc)
  File "C:\Users\30542\AppData\Local\Programs\Python\Python313\Lib\shutil.py", line 635, in _rmtree_unsafe
    onexc(os.rmdir, path, err)
    ~~~~~^^^^^^^^^^^^^^^^^^^^^
  File "C:\Users\30542\AppData\Local\Programs\Python\Python313\Lib\tempfile.py", line 925, in onexc
    cls._rmtree(path, ignore_errors=ignore_errors,
    ~~~~~~~~~~~^^^^^^^^^^^^^^^^^^^^^^^^^^^^^^^^^^^
                repeated=(path == name))
                ^^^^^^^^^^^^^^^^^^^^^^^^
  File "C:\Users\30542\AppData\Local\Programs\Python\Python313\Lib\tempfile.py", line 935, in _rmtree
    _shutil.rmtree(name, onexc=onexc)
    ~~~~~~~~~~~~~~^^^^^^^^^^^^^^^^^^^
  File "C:\Users\30542\AppData\Local\Programs\Python\Python313\Lib\shutil.py", line 790, in rmtree
    return _rmtree_unsafe(path, onexc)
  File "C:\Users\30542\AppData\Local\Programs\Python\Python313\Lib\shutil.py", line 635, in _rmtree_unsafe
    onexc(os.rmdir, path, err)
    ~~~~~^^^^^^^^^^^^^^^^^^^^^
  File "C:\Users\30542\AppData\Local\Programs\Python\Python313\Lib\shutil.py", line 631, in _rmtree_unsafe
    os.rmdir(path)
    ~~~~~~~~^^^^^^
PermissionError: [WinError 32] \u53e6\u4e00\u4e2a\u7a0b\u5e8f\u6b63\u5728\u4f7f\u7528\u6b64\u6587\u4ef6\uff0c\u8fdb\u7a0b\u65e0\u6cd5\u8bbf\u95ee\u3002: 'C:\\Users\\30542\\AppData\\Local\\Temp\\tracerag-delivery-gi2qsvza'
