============================= test session starts ==============================
platform linux -- Python 3.13.16, pytest-8.4.2, pluggy-1.6.0
rootdir: /opt/tracerag
configfile: pyproject.toml
testpaths: tests
plugins: anyio-4.15.1
collected 220 items

tests/test_api_config.py ..                                              [  0%]
tests/test_api_workflow.py .........                                     [  5%]
tests/test_chunking.py .....                                             [  7%]
tests/test_config.py ................                                    [ 14%]
tests/test_container_acceptance.py .......                               [ 17%]
tests/test_delivery.py ....                                              [ 19%]
tests/test_document_loader.py ....                                       [ 21%]
tests/test_dotenv.py .                                                   [ 21%]
tests/test_embeddings.py ...                                             [ 23%]
tests/test_evaluation.py .................                               [ 30%]
tests/test_evaluation_boundaries.py .................................... [ 47%]
................                                                         [ 54%]
tests/test_grounded_answer.py ......................                     [ 64%]
tests/test_health.py .                                                   [ 65%]
tests/test_rag.py .......................                                [ 75%]
tests/test_relevance.py .........                                        [ 79%]
tests/test_retriever.py .......                                          [ 82%]
tests/test_runtime.py .........                                          [ 86%]
tests/test_ui.py ...                                                     [ 88%]
tests/test_v02_evaluation.py ..............                              [ 94%]
tests/test_vector_store.py ............                                  [100%]

=============================== warnings summary ===============================
../../usr/local/lib/python3.13/site-packages/fastapi/testclient.py:1
  /usr/local/lib/python3.13/site-packages/fastapi/testclient.py:1: StarletteDeprecationWarning: Using `httpx` with `starlette.testclient` is deprecated; install `httpx2` instead.
    from starlette.testclient import TestClient as TestClient  # noqa

-- Docs: https://docs.pytest.org/en/stable/how-to/capture-warnings.html
----------------- generated xml file: /reports/最终Linux自动测试.xml -----------------
======================== 220 passed, 1 warning in 3.38s ========================
