python (windows-latest)	真实进程的固定协议验收	﻿2026-10-04T02:39:52.9191793Z ##[group]Run python scripts/delivery_smoke.py --output-dir delivery-results/固定协议验收
python (windows-latest)	真实进程的固定协议验收	2026-10-04T02:39:52.9192562Z ^[[36;1mpython scripts/delivery_smoke.py --output-dir delivery-results/固定协议验收^[[0m
python (windows-latest)	真实进程的固定协议验收	2026-10-04T02:39:52.9255718Z shell: C:\Program Files\PowerShell\7\pwsh.EXE -command ". '{0}'"
python (windows-latest)	真实进程的固定协议验收	2026-10-04T02:39:52.9256212Z env:
python (windows-latest)	真实进程的固定协议验收	2026-10-04T02:39:52.9256560Z   pythonLocation: C:\hostedtoolcache\windows\Python\3.13.15\x64
python (windows-latest)	真实进程的固定协议验收	2026-10-04T02:39:52.9257075Z   PKG_CONFIG_PATH: C:\hostedtoolcache\windows\Python\3.13.15\x64/lib/pkgconfig
python (windows-latest)	真实进程的固定协议验收	2026-10-04T02:39:52.9257566Z   Python_ROOT_DIR: C:\hostedtoolcache\windows\Python\3.13.15\x64
python (windows-latest)	真实进程的固定协议验收	2026-10-04T02:39:52.9258047Z   Python2_ROOT_DIR: C:\hostedtoolcache\windows\Python\3.13.15\x64
python (windows-latest)	真实进程的固定协议验收	2026-10-04T02:39:52.9258516Z   Python3_ROOT_DIR: C:\hostedtoolcache\windows\Python\3.13.15\x64
python (windows-latest)	真实进程的固定协议验收	2026-10-04T02:39:52.9258897Z ##[endgroup]
python (windows-latest)	真实进程的固定协议验收	2026-10-04T02:39:59.7123527Z Traceback (most recent call last):
python (windows-latest)	真实进程的固定协议验收	2026-10-04T02:39:59.7132146Z   File "D:\a\TraceRAG\TraceRAG\scripts\delivery_smoke.py", line 172, in <module>
python (windows-latest)	真实进程的固定协议验收	2026-10-04T02:39:59.7132823Z     main()
python (windows-latest)	真实进程的固定协议验收	2026-10-04T02:39:59.7133106Z     ~~~~^^
python (windows-latest)	真实进程的固定协议验收	2026-10-04T02:39:59.7133481Z   File "D:\a\TraceRAG\TraceRAG\scripts\delivery_smoke.py", line 167, in main
python (windows-latest)	真实进程的固定协议验收	2026-10-04T02:39:59.7133920Z     print(json.dumps(report, ensure_ascii=False, indent=2))
python (windows-latest)	真实进程的固定协议验收	2026-10-04T02:39:59.7134309Z     ~~~~~^^^^^^^^^^^^^^^^^^^^^^^^^^^^^^^^^^^^^^^^^^^^^^^^^^
python (windows-latest)	真实进程的固定协议验收	2026-10-04T02:39:59.7134822Z   File "C:\hostedtoolcache\windows\Python\3.13.15\x64\Lib\encodings\cp1252.py", line 19, in encode
python (windows-latest)	真实进程的固定协议验收	2026-10-04T02:39:59.7135504Z     return codecs.charmap_encode(input,self.errors,encoding_table)[0]
python (windows-latest)	真实进程的固定协议验收	2026-10-04T02:39:59.7136067Z            ~~~~~~~~~~~~~~~~~~~~~^^^^^^^^^^^^^^^^^^^^^^^^^^^^^^^^^^
python (windows-latest)	真实进程的固定协议验收	2026-10-04T02:39:59.7136765Z UnicodeEncodeError: 'charmap' codec can't encode characters in position 105-108: character maps to <undefined>
python (windows-latest)	真实进程的固定协议验收	2026-10-04T02:39:59.8219712Z ##[error]Process completed with exit code 1.
